=================================================================
  Stratum Differential Fuzzing Suite (Gate A11 Verification)
  Executions per target: 350000 (Total: 2100000)
=================================================================

[1/6] Fuzzing Target 1: ELF64 Loader and Segment Parser...
      Completed: 350000 iterations (accepted: 117892, rejected: 232108)

[2/6] Fuzzing Target 2: StrataFS Inodes & Directory Deserializer...
      Completed: 350000 iterations (accepted: 12, rejected: 349988)

[3/6] Fuzzing Target 3: StrataFS WAL Journal Record Decoder...
      Completed: 350000 iterations (accepted: 121, rejected: 349879)

[4/6] Fuzzing Target 4: Network Packet (Ethernet/ARP/IPv4/ICMP) Decoder...
      Completed: 350000 iterations (accepted: 0, rejected: 350000)

[5/6] Fuzzing Target 5: TCP Protocol Header & Options Parser...
      Completed: 350000 iterations (accepted: 172288, rejected: 177712)

[6/6] Fuzzing Target 6: Distributed Ledger Transaction & Block Deserializer...
      Completed: 350000 iterations (accepted: 349, rejected: 349651)

=================================================================
  All 6 Targets Passed Fuzz Verification (2100000 Total Executions).
  Zero crashes, zero memory leaks, zero sanitizer violations.
=================================================================
=== Compiling Stratum Fuzzing Suite with ASan & UBSan ===
=== Executing 2,100,000 Fuzz Executions Across 6 Targets ===
[OK] Gate A11 Fuzzing Verification Passed Cleanly.
