=== Compiling Stratum Performance Benchmark Suite ===
=== Executing Stratum Performance Benchmark Suite ===
===============================================================
  Stratum Operating System - Quantitative Performance Benchmark
===============================================================

[1/6] Benchmarking System Call Boundary Latency...
      Iterations:      5000000
      Average Latency: 2.64 ns (2.64 cycles)
      Throughput:      378.16 M calls/sec

[2/6] Benchmarking Preemptive Scheduler Context Switch Latency...
      Iterations:      2000000
      Average Latency: 2.76 ns (2.76 cycles)
      Throughput:      362.78 M switches/sec

[3/6] Benchmarking Stratum IPC Pipe Ring Buffer Bandwidth...
      Transferred:     1024 MiB in 64 KiB chunks
      Elapsed Time:    0.0070 sec
      Throughput:      145351.31 MiB/sec (141.94 GiB/sec)

[4/6] Benchmarking StrataFS 4 KiB Block I/O Throughput...
      Processed:       262144 blocks (1024 MiB)
      Elapsed Time:    0.0359 sec
      IOPS:            7292.92 K IOPS
      Throughput:      28487.97 MiB/sec (27.82 GiB/sec)

[5/6] Benchmarking Stratum TCP Stream Processing Throughput...
      Processed:       2000000 packets (MSS 1460, 2784.7 MiB equivalent)
      Elapsed Time:    0.0025 sec
      Packet Rate:     792.39 M packets/sec
      Throughput:      1103299.92 MiB/sec (8619.53 Gbps)

[6/6] Benchmarking Stratum Slab Allocator Churn...
      Operations:      2000000 alloc + free pairs
      Elapsed Time:    0.0301 sec
      Throughput:      66.55 M ops/sec

===============================================================
  All 6 Performance Benchmarks Completed Successfully.
===============================================================

=== Generating Benchmark Report in /Users/aneeshkrishna/Downloads/stratum/bench/results.md ===
[OK] Benchmark report successfully written to /Users/aneeshkrishna/Downloads/stratum/bench/results.md
